#! /opt/local/bin/vvp
:ivl_version "10.3 (stable)" "(v10_3)";
:ivl_delay_selection "TYPICAL";
:vpi_time_precision + 0;
:vpi_module "system";
:vpi_module "vhdl_sys";
:vpi_module "v2005_math";
:vpi_module "va_math";
S_0x7ff4eb500a10 .scope module, "test" "test" 2 1;
 .timescale 0 0;
    .port_info 0 /INPUT 1 "A"
    .port_info 1 /OUTPUT 1 "B"
o0x10404b038 .functor BUFZ 1, C4<z>; HiZ drive
L_0x7ff4eb510cb0 .functor BUFZ 1, o0x10404b038, C4<0>, C4<0>, C4<0>;
v0x7ff4eb500b70_0 .net "A", 0 0, L_0x7ff4eb510cb0;  1 drivers
v0x7ff4eb510c00_0 .net "B", 0 0, o0x10404b038;  0 drivers
# The file index is used to find the file name in the following table.
:file_names 3;
    "N/A";
    "<interactive>";
    "Test.v";
